--- COMPARISON STARTED ---


Testing: https://www.youtube.com/watch?v=4LyDMYJpR6s
[Puppeteer] Starting scrape for: https://www.youtube.com/watch?v=4LyDMYJpR6s
[Library] Successfully fetched transcript (0 chars). Value: ...
[Puppeteer] Expanding description...
[Puppeteer] Clicking expand button: #description-inline-expander #expand
[Puppeteer] Description successfully expanded.
[Puppeteer] Searching for "Show transcript"...
[Puppeteer] Found button (Manual). Ensuring player is ready...
[Puppeteer] Hovering and waiting to ensure API context...
[Puppeteer] Clicking...
[Puppeteer] Clicking (Native trusted click)...
[Puppeteer] Clicked. Racing Network vs DOM...
[Puppeteer] Waiting for DOM elements...
[Puppeteer] Intercepted transcript endpoint #1: https://www.youtube.com/youtubei/v1/get_transcript?prettyPrint=false
[Puppeteer] Parsing intercepted JSON from https://www.youtube.com/youtubei/v1/get_transcript?prettyPrint=false
[Puppeteer] Top-level keys: error
[Puppeteer] API RETURNED ERROR (continuing to listen): {"code":400,"message":"Precondition check failed.","errors":[{"message":"Precondition check failed.","domain":"global","reason":"failedPrecondition"}],"status":"FAILED_PRECONDITION"}
[Puppeteer] DOM wait timed out or failed.
[Puppeteer] Race finished without result. Transcript unavailable.
[Puppeteer] Transcript extracted (0 chars).
Result: FAILURE


Testing: https://www.youtube.com/watch?v=fzsqpOuoASs
[Puppeteer] Starting scrape for: https://www.youtube.com/watch?v=fzsqpOuoASs
[Library] Successfully fetched transcript (0 chars). Value: ...
[Puppeteer] Network timeout reached after 1 response(s).
[Puppeteer] Expanding description...
[Puppeteer] Clicking expand button: #description-inline-expander #expand
[Puppeteer] Description successfully expanded.
[Puppeteer] Searching for "Show transcript"...
[Puppeteer] Found button (Manual). Ensuring player is ready...
[Puppeteer] Hovering and waiting to ensure API context...
[Puppeteer] Clicking...
[Puppeteer] Clicking (Native trusted click)...
[Puppeteer] Clicked. Racing Network vs DOM...
[Puppeteer] Waiting for DOM elements...
[Puppeteer] Intercepted transcript endpoint #1: https://www.youtube.com/youtubei/v1/get_transcript?prettyPrint=false
[Puppeteer] Parsing intercepted JSON from https://www.youtube.com/youtubei/v1/get_transcript?prettyPrint=false
[Puppeteer] Top-level keys: error
[Puppeteer] API RETURNED ERROR (continuing to listen): {"code":400,"message":"Precondition check failed.","errors":[{"message":"Precondition check failed.","domain":"global","reason":"failedPrecondition"}],"status":"FAILED_PRECONDITION"}
[Puppeteer] DOM wait timed out or failed.
[Puppeteer] Race finished without result. Transcript unavailable.
[Puppeteer] Transcript extracted (0 chars).
Result: FAILURE
